%!Adobe-FontList 1.14
%Locale:0x409

%BeginFont
Handler:DirectoryHandler
FontType:Invalid
OutlineFileName:Z:\rawcrm\httpdocs\epdf\Font\helveticai.php
FileModTime:1279180603
%EndFont

%BeginFont
Handler:DirectoryHandler
FontType:Invalid
OutlineFileName:Z:\rawcrm\httpdocs\epdf\Font\timesb.php
FileModTime:1279180603
%EndFont

%BeginFont
Handler:DirectoryHandler
FontType:Invalid
OutlineFileName:Z:\rawcrm\httpdocs\epdf\Font\courier.php
FileModTime:1279180603
%EndFont

%BeginFont
Handler:DirectoryHandler
FontType:Invalid
OutlineFileName:Z:\rawcrm\httpdocs\epdf\Font\times.php
FileModTime:1279180603
%EndFont

%BeginFont
Handler:DirectoryHandler
FontType:Invalid
OutlineFileName:Z:\rawcrm\httpdocs\epdf\Font\helveticab.php
FileModTime:1279180603
%EndFont

%BeginFont
Handler:DirectoryHandler
FontType:Invalid
OutlineFileName:Z:\rawcrm\httpdocs\epdf\Font\helveticabi.php
FileModTime:1279180603
%EndFont

%BeginFont
Handler:DirectoryHandler
FontType:Invalid
OutlineFileName:Z:\rawcrm\httpdocs\epdf\Font\zapfdingbats.php
FileModTime:1279180603
%EndFont

%BeginFont
Handler:DirectoryHandler
FontType:Invalid
OutlineFileName:Z:\rawcrm\httpdocs\epdf\Font\timesi.php
FileModTime:1279180603
%EndFont

%BeginFont
Handler:DirectoryHandler
FontType:Invalid
OutlineFileName:Z:\rawcrm\httpdocs\epdf\Font\helvetica.php
FileModTime:1279180603
%EndFont

%BeginFont
Handler:DirectoryHandler
FontType:Invalid
OutlineFileName:Z:\rawcrm\httpdocs\epdf\Font\symbol.php
FileModTime:1279180603
%EndFont

%BeginFont
Handler:DirectoryHandler
FontType:Invalid
OutlineFileName:Z:\rawcrm\httpdocs\epdf\Font\desktop.ini
FileModTime:1279180603
%EndFont

%BeginFont
Handler:DirectoryHandler
FontType:Invalid
OutlineFileName:Z:\rawcrm\httpdocs\epdf\Font\timesbi.php
FileModTime:1279180603
%EndFont

%BeginFont
Handler:DirectoryHandler
FontType:Invalid
OutlineFileName:Z:\rawcrm\httpdocs\epdf\Font\makefont\iso-8859-15.map
FileModTime:1279180603
%EndFont

%BeginFont
Handler:DirectoryHandler
FontType:Invalid
OutlineFileName:Z:\rawcrm\httpdocs\epdf\Font\makefont\iso-8859-11.map
FileModTime:1279180603
%EndFont

%BeginFont
Handler:DirectoryHandler
FontType:Invalid
OutlineFileName:Z:\rawcrm\httpdocs\epdf\Font\makefont\iso-8859-2.map
FileModTime:1279180603
%EndFont

%BeginFont
Handler:DirectoryHandler
FontType:Invalid
OutlineFileName:Z:\rawcrm\httpdocs\epdf\Font\makefont\cp874.map
FileModTime:1279180603
%EndFont

%BeginFont
Handler:DirectoryHandler
FontType:Invalid
OutlineFileName:Z:\rawcrm\httpdocs\epdf\Font\makefont\iso-8859-4.map
FileModTime:1279180603
%EndFont

%BeginFont
Handler:DirectoryHandler
FontType:Invalid
OutlineFileName:Z:\rawcrm\httpdocs\epdf\Font\makefont\cp1254.map
FileModTime:1279180603
%EndFont

%BeginFont
Handler:DirectoryHandler
FontType:Invalid
OutlineFileName:Z:\rawcrm\httpdocs\epdf\Font\makefont\makefont.php
FileModTime:1279180603
%EndFont

%BeginFont
Handler:DirectoryHandler
FontType:Invalid
OutlineFileName:Z:\rawcrm\httpdocs\epdf\Font\makefont\iso-8859-5.map
FileModTime:1279180603
%EndFont

%BeginFont
Handler:DirectoryHandler
FontType:Invalid
OutlineFileName:Z:\rawcrm\httpdocs\epdf\Font\makefont\koi8-u.map
FileModTime:1279180603
%EndFont

%BeginFont
Handler:DirectoryHandler
FontType:Invalid
OutlineFileName:Z:\rawcrm\httpdocs\epdf\Font\makefont\iso-8859-1.map
FileModTime:1279180603
%EndFont

%BeginFont
Handler:DirectoryHandler
FontType:Invalid
OutlineFileName:Z:\rawcrm\httpdocs\epdf\Font\makefont\cp1250.map
FileModTime:1279180603
%EndFont

%BeginFont
Handler:DirectoryHandler
FontType:Invalid
OutlineFileName:Z:\rawcrm\httpdocs\epdf\Font\makefont\cp1258.map
FileModTime:1279180603
%EndFont

%BeginFont
Handler:DirectoryHandler
FontType:Invalid
OutlineFileName:Z:\rawcrm\httpdocs\epdf\Font\makefont\iso-8859-16.map
FileModTime:1279180603
%EndFont

%BeginFont
Handler:DirectoryHandler
FontType:Invalid
OutlineFileName:Z:\rawcrm\httpdocs\epdf\Font\makefont\iso-8859-9.map
FileModTime:1279180603
%EndFont

%BeginFont
Handler:DirectoryHandler
FontType:Invalid
OutlineFileName:Z:\rawcrm\httpdocs\epdf\Font\makefont\koi8-r.map
FileModTime:1279180603
%EndFont

%BeginFont
Handler:DirectoryHandler
FontType:Invalid
OutlineFileName:Z:\rawcrm\httpdocs\epdf\Font\makefont\iso-8859-7.map
FileModTime:1279180603
%EndFont

%BeginFont
Handler:DirectoryHandler
FontType:Invalid
OutlineFileName:Z:\rawcrm\httpdocs\epdf\Font\makefont\cp1252.map
FileModTime:1279180603
%EndFont

%BeginFont
Handler:DirectoryHandler
FontType:Invalid
OutlineFileName:Z:\rawcrm\httpdocs\epdf\Font\makefont\cp1257.map
FileModTime:1279180603
%EndFont

%BeginFont
Handler:DirectoryHandler
FontType:Invalid
OutlineFileName:Z:\rawcrm\httpdocs\epdf\Font\makefont\cp1251.map
FileModTime:1279180603
%EndFont

%BeginFont
Handler:DirectoryHandler
FontType:Invalid
OutlineFileName:Z:\rawcrm\httpdocs\epdf\Font\makefont\cp1255.map
FileModTime:1279180603
%EndFont

%BeginFont
Handler:DirectoryHandler
FontType:Invalid
OutlineFileName:Z:\rawcrm\httpdocs\epdf\Font\makefont\cp1253.map
FileModTime:1279180603
%EndFont

